../Core/Src/main.c:72:6:delay_short	16	static
../Core/Src/main.c:79:6:led_chasing	8	static
../Core/Src/main.c:97:6:finger0_down	8	static
../Core/Src/main.c:102:6:finger0_up	8	static
../Core/Src/main.c:107:6:finger1_down	8	static
../Core/Src/main.c:112:6:finger1_up	8	static
../Core/Src/main.c:117:6:finger2_down	8	static
../Core/Src/main.c:122:6:finger2_up	8	static
../Core/Src/main.c:127:6:finger3_down	8	static
../Core/Src/main.c:132:6:finger3_up	8	static
../Core/Src/main.c:137:6:finger4_down	8	static
../Core/Src/main.c:142:6:finger4_up	8	static
../Core/Src/main.c:147:6:process_received_data	40	static
../Core/Src/main.c:272:6:HAL_GPIO_EXTI_Callback	16	static
../Core/Src/main.c:282:6:check_button_press	16	static
../Core/Src/main.c:313:5:main	8	static
../Core/Src/main.c:373:6:SystemClock_Config	88	static
../Core/Src/main.c:415:13:MX_I2C1_Init	8	static
../Core/Src/main.c:449:13:MX_USART1_UART_Init	8	static
../Core/Src/main.c:482:13:MX_GPIO_Init	48	static
../Core/Src/main.c:519:6:HAL_UART_RxCpltCallback	16	static
../Core/Src/main.c:545:6:Error_Handler	4	static,ignoring_inline_asm
